// Jest Snapshot v1, https://goo.gl/fbAQLP

exports[`TodayScreen should match snapshot 1`] = `
<RNCSafeAreaView
  edges={
    [
      "top",
      "left",
      "right",
    ]
  }
  style={
    {
      "flex": 1,
    }
  }
>
  <View
    style={
      [
        {
          "backgroundColor": "rgba(255, 251, 254, 1)",
        },
        {
          "flex": 1,
        },
      ]
    }
  >
    <View
      style={
        {
          "paddingHorizontal": 16,
          "paddingVertical": 24,
        }
      }
    >
      <Text
        style={
          [
            {
              "color": "rgba(28, 27, 31, 1)",
              "fontFamily": "System",
              "fontSize": 12,
              "fontWeight": "400",
              "letterSpacing": 0.4,
              "lineHeight": 16,
            },
            {
              "textAlign": "left",
            },
            {
              "writingDirection": "ltr",
            },
            undefined,
          ]
        }
      >
        Saturday, 11 February
      </Text>
      <Text
        style={
          [
            {
              "color": "rgba(28, 27, 31, 1)",
              "fontFamily": "System",
              "fontSize": 32,
              "fontWeight": "400",
              "letterSpacing": 0,
              "lineHeight": 40,
            },
            {
              "textAlign": "left",
            },
            {
              "writingDirection": "ltr",
            },
            {
              "fontWeight": "600",
            },
          ]
        }
      >
        Today's Habits
      </Text>
    </View>
    <View
      style={
        [
          {
            "backgroundColor": "rgba(202, 196, 208, 1)",
            "height": 0.5,
          },
          undefined,
          false,
          false,
          undefined,
        ]
      }
    />
    <View
      accessible={true}
      collapsable={false}
      focusable={true}
      onBlur={[Function]}
      onClick={[Function]}
      onFocus={[Function]}
      onResponderGrant={[Function]}
      onResponderMove={[Function]}
      onResponderRelease={[Function]}
      onResponderTerminate={[Function]}
      onResponderTerminationRequest={[Function]}
      onStartShouldSetResponder={[Function]}
      style={
        [
          {
            "backgroundColor": "rgba(0,0,0,0)",
          },
        ]
      }
    >
      <View
        style={
          {
            "alignItems": "center",
            "backgroundColor": "rgba(0,0,0,0)",
            "flexDirection": "row",
            "justifyContent": "space-between",
            "padding": 16,
          }
        }
      >
        <View
          style={
            {
              "alignItems": "center",
              "backgroundColor": "rgba(66, 135, 245, 0.15)",
              "borderRadius": 50,
              "flexDirection": "row",
              "justifyContent": "center",
              "marginRight": 16,
              "padding": 5,
            }
          }
        >
          <Text
            allowFontScaling={false}
            selectable={false}
            style={
              [
                {
                  "color": "rgb(66, 135, 245)",
                  "fontSize": 32,
                },
                undefined,
                {
                  "fontFamily": "Material Design Icons",
                  "fontStyle": "normal",
                  "fontWeight": "normal",
                },
                {},
              ]
            }
          >
            󰜎
          </Text>
        </View>
        <View
          style={
            {
              "flex": 1,
            }
          }
        >
          <Text
            style={
              [
                {
                  "textAlign": "left",
                },
                {
                  "color": "rgba(28, 27, 31, 1)",
                  "fontFamily": "System",
                  "fontWeight": "400",
                  "letterSpacing": 0,
                },
                {
                  "writingDirection": "ltr",
                },
                {
                  "color": "rgb(33, 33, 33)",
                  "fontWeight": "bold",
                  "marginBottom": 4,
                  "textDecorationLine": "none",
                },
              ]
            }
          >
            Running
          </Text>
          <Text
            style={
              [
                {
                  "color": "rgba(28, 27, 31, 1)",
                  "fontFamily": "System",
                  "fontSize": 12,
                  "fontWeight": "400",
                  "letterSpacing": 0.4,
                  "lineHeight": 16,
                },
                {
                  "textAlign": "left",
                },
                {
                  "writingDirection": "ltr",
                },
                {
                  "color": "rgb(158, 158, 158)",
                },
              ]
            }
          >
            Every day
          </Text>
        </View>
        <Text
          allowFontScaling={false}
          selectable={false}
          style={
            [
              {
                "color": "rgb(189, 189, 189)",
                "fontSize": 25,
              },
              undefined,
              {
                "fontFamily": "Material Design Icons",
                "fontStyle": "normal",
                "fontWeight": "normal",
              },
              {},
            ]
          }
        >
          󰝦
        </Text>
      </View>
      <View
        style={
          [
            {
              "backgroundColor": "rgba(202, 196, 208, 1)",
              "height": 0.5,
            },
            undefined,
            false,
            false,
            undefined,
          ]
        }
      />
    </View>
    <View
      accessible={true}
      collapsable={false}
      focusable={true}
      onBlur={[Function]}
      onClick={[Function]}
      onFocus={[Function]}
      onResponderGrant={[Function]}
      onResponderMove={[Function]}
      onResponderRelease={[Function]}
      onResponderTerminate={[Function]}
      onResponderTerminationRequest={[Function]}
      onStartShouldSetResponder={[Function]}
      style={
        [
          {
            "backgroundColor": "rgba(0,0,0,0)",
          },
        ]
      }
    >
      <View
        style={
          {
            "alignItems": "center",
            "backgroundColor": "rgba(0,0,0,0)",
            "flexDirection": "row",
            "justifyContent": "space-between",
            "padding": 16,
          }
        }
      >
        <View
          style={
            {
              "alignItems": "center",
              "backgroundColor": "rgba(245, 179, 66, 0.15)",
              "borderRadius": 50,
              "flexDirection": "row",
              "justifyContent": "center",
              "marginRight": 16,
              "padding": 5,
            }
          }
        >
          <Text
            allowFontScaling={false}
            selectable={false}
            style={
              [
                {
                  "color": "rgb(245, 179, 66)",
                  "fontSize": 32,
                },
                undefined,
                {
                  "fontFamily": "Material Design Icons",
                  "fontStyle": "normal",
                  "fontWeight": "normal",
                },
                {},
              ]
            }
          >
            󱅼
          </Text>
        </View>
        <View
          style={
            {
              "flex": 1,
            }
          }
        >
          <Text
            style={
              [
                {
                  "textAlign": "left",
                },
                {
                  "color": "rgba(28, 27, 31, 1)",
                  "fontFamily": "System",
                  "fontWeight": "400",
                  "letterSpacing": 0,
                },
                {
                  "writingDirection": "ltr",
                },
                {
                  "color": "rgb(33, 33, 33)",
                  "fontWeight": "bold",
                  "marginBottom": 4,
                  "textDecorationLine": "none",
                },
              ]
            }
          >
            Yoga
          </Text>
          <Text
            style={
              [
                {
                  "color": "rgba(28, 27, 31, 1)",
                  "fontFamily": "System",
                  "fontSize": 12,
                  "fontWeight": "400",
                  "letterSpacing": 0.4,
                  "lineHeight": 16,
                },
                {
                  "textAlign": "left",
                },
                {
                  "writingDirection": "ltr",
                },
                {
                  "color": "rgb(158, 158, 158)",
                },
              ]
            }
          >
            Mon, Tue, Wed, Thu, Sun
          </Text>
        </View>
        <Text
          allowFontScaling={false}
          selectable={false}
          style={
            [
              {
                "color": "rgb(189, 189, 189)",
                "fontSize": 25,
              },
              undefined,
              {
                "fontFamily": "Material Design Icons",
                "fontStyle": "normal",
                "fontWeight": "normal",
              },
              {},
            ]
          }
        >
          󰝦
        </Text>
      </View>
      <View
        style={
          [
            {
              "backgroundColor": "rgba(202, 196, 208, 1)",
              "height": 0.5,
            },
            undefined,
            false,
            false,
            undefined,
          ]
        }
      />
    </View>
    <View
      accessible={true}
      collapsable={false}
      focusable={true}
      onBlur={[Function]}
      onClick={[Function]}
      onFocus={[Function]}
      onResponderGrant={[Function]}
      onResponderMove={[Function]}
      onResponderRelease={[Function]}
      onResponderTerminate={[Function]}
      onResponderTerminationRequest={[Function]}
      onStartShouldSetResponder={[Function]}
      style={
        [
          {
            "backgroundColor": "rgba(0,0,0,0)",
          },
        ]
      }
    >
      <View
        style={
          {
            "alignItems": "center",
            "backgroundColor": "rgba(0,0,0,0)",
            "flexDirection": "row",
            "justifyContent": "space-between",
            "padding": 16,
          }
        }
      >
        <View
          style={
            {
              "alignItems": "center",
              "backgroundColor": "rgba(207, 65, 250, 0.15)",
              "borderRadius": 50,
              "flexDirection": "row",
              "justifyContent": "center",
              "marginRight": 16,
              "padding": 5,
            }
          }
        >
          <Text
            allowFontScaling={false}
            selectable={false}
            style={
              [
                {
                  "color": "rgb(207, 65, 250)",
                  "fontSize": 32,
                },
                undefined,
                {
                  "fontFamily": "Material Design Icons",
                  "fontStyle": "normal",
                  "fontWeight": "normal",
                },
                {},
              ]
            }
          >
            󱅻
          </Text>
        </View>
        <View
          style={
            {
              "flex": 1,
            }
          }
        >
          <Text
            style={
              [
                {
                  "textAlign": "left",
                },
                {
                  "color": "rgba(28, 27, 31, 1)",
                  "fontFamily": "System",
                  "fontWeight": "400",
                  "letterSpacing": 0,
                },
                {
                  "writingDirection": "ltr",
                },
                {
                  "color": "rgb(33, 33, 33)",
                  "fontWeight": "bold",
                  "marginBottom": 4,
                  "textDecorationLine": "none",
                },
              ]
            }
          >
            Meditation
          </Text>
          <Text
            style={
              [
                {
                  "color": "rgba(28, 27, 31, 1)",
                  "fontFamily": "System",
                  "fontSize": 12,
                  "fontWeight": "400",
                  "letterSpacing": 0.4,
                  "lineHeight": 16,
                },
                {
                  "textAlign": "left",
                },
                {
                  "writingDirection": "ltr",
                },
                {
                  "color": "rgb(158, 158, 158)",
                },
              ]
            }
          >
            Every day
          </Text>
        </View>
        <Text
          allowFontScaling={false}
          selectable={false}
          style={
            [
              {
                "color": "rgb(189, 189, 189)",
                "fontSize": 25,
              },
              undefined,
              {
                "fontFamily": "Material Design Icons",
                "fontStyle": "normal",
                "fontWeight": "normal",
              },
              {},
            ]
          }
        >
          󰝦
        </Text>
      </View>
      <View
        style={
          [
            {
              "backgroundColor": "rgba(202, 196, 208, 1)",
              "height": 0.5,
            },
            undefined,
            false,
            false,
            undefined,
          ]
        }
      />
    </View>
  </View>
</RNCSafeAreaView>
`;
